../STM32_WPAN/App/app_zigbee.c:111:6:APP_ZIGBEE_NwkFormOrJoinTaskInit	16	static
../STM32_WPAN/App/app_zigbee.c:134:13:APP_ZIGBEE_ConfigBasicServer	8	static
../STM32_WPAN/App/app_zigbee.c:169:6:APP_ZIGBEE_StackLayersInit	8	static
../STM32_WPAN/App/app_zigbee.c:229:13:APP_ZIGBEE_NwkFormWaitElapsed	16	static
../STM32_WPAN/App/app_zigbee.c:249:13:APP_ZIGBEE_NwkFormWaitJoinElapsed	16	static
../STM32_WPAN/App/app_zigbee.c:276:6:APP_ZIGBEE_NwkFormOrJoin	512	static
../STM32_WPAN/App/app_zigbee.c:334:13:APP_ZIGBEE_ConfigMeshNetwork	24	static
../STM32_WPAN/App/app_zigbee.c:363:13:ZbStartupWaitCallback	16	static
../STM32_WPAN/App/app_zigbee.c:376:27:ZbStartupWait	24	static
../STM32_WPAN/App/app_zigbee.c:419:30:APP_ZIGBEE_DeviceJointCallback	40	static
../STM32_WPAN/App/app_zigbee.c:457:13:APP_ZIGBEE_ZbZdoPermitJoinReqCallback	16	static
../STM32_WPAN/App/app_zigbee.c:476:6:APP_ZIGBEE_PermitJoin	88	static
../STM32_WPAN/App/app_zigbee.c:499:6:APP_ZIGBEE_IsAppliJoinNetwork	24	static
../STM32_WPAN/App/app_zigbee.c:524:6:APP_ZIGBEE_AddDeviceWithInstallCode	112	static
../STM32_WPAN/App/app_zigbee.c:573:6:APP_ZIGBEE_GetCurrentChannel	136	static
../STM32_WPAN/App/app_zigbee.c:615:6:APP_ZIGBEE_SetTxPower	16	static
../STM32_WPAN/App/app_zigbee.c:626:8:APP_ZIGBEE_GetDisplaySecKey	24	static
../STM32_WPAN/App/app_zigbee.c:658:6:APP_ZIGBEE_PrintGenericInfo	24	static
../STM32_WPAN/App/app_zigbee.c:685:13:APP_ZIGBEE_Printf	24	static
../STM32_WPAN/App/app_zigbee.c:701:6:APP_ZIGBEE_Error	16	static
../STM32_WPAN/App/app_zigbee.c:718:13:APP_ZIGBEE_TraceError	24	static
