../STM32_WPAN/App/app_bsp.c:292:6:APP_BSP_Init	8	static
../STM32_WPAN/App/app_bsp.c:316:6:APP_BSP_PostIdle	4	static
../STM32_WPAN/App/app_bsp.c:340:6:APP_BSP_StandbyExit	8	static
../STM32_WPAN/App/app_bsp.c:379:9:APP_BSP_ButtonIsLongPressed	24	static
../STM32_WPAN/App/app_bsp.c:397:6:APP_BSP_SetButtonIsLongPressed	16	static
../STM32_WPAN/App/app_bsp.c:407:13:APP_BSP_Button1ShortPressAction	8	static
../STM32_WPAN/App/app_bsp.c:412:13:APP_BSP_Button1LongPressAction	8	static
../STM32_WPAN/App/app_bsp.c:418:13:APP_BSP_Button2Action	8	static
../STM32_WPAN/App/app_bsp.c:423:13:APP_BSP_Button3Action	8	static
../STM32_WPAN/App/app_bsp.c:490:6:APP_BSP_LedInit	16	static
../STM32_WPAN/App/app_bsp.c:523:13:LedPatternTimerCallback	24	static
../STM32_WPAN/App/app_bsp.c:577:6:APP_BSP_LedPatternStart	16	static
../STM32_WPAN/App/app_bsp.c:604:6:APP_BSP_LedPatternStop	8	static
../STM32_WPAN/App/app_bsp.c:784:13:Button_LongTimerElapsed	24	static
../STM32_WPAN/App/app_bsp.c:804:13:Button_TriggerActions	24	static
../STM32_WPAN/App/app_bsp.c:848:6:APP_BSP_ButtonInit	24	static
../STM32_WPAN/App/app_bsp.c:901:6:BSP_PB_Callback	24	static
../STM32_WPAN/App/app_bsp.c:948:13:Button_LaunchActionTask	16	static
../STM32_WPAN/App/app_bsp.c:1012:9:APP_BSP_SerialCmdExecute	24	static
