C:/Users/2024/STM32Cube/Repository/STM32Cube_FW_WBA_V1.6.1/Drivers/CMSIS/Include/core_cm33.h:2498:26:__NVIC_GetActive	16	static
C:/Users/2024/STM32Cube/Repository/STM32Cube_FW_WBA_V1.6.1/Drivers/CMSIS/Include/core_cm33.h:2587:22:__NVIC_SetPriority	16	static
C:/Users/2024/STM32Cube/Repository/STM32Cube_FW_WBA_V1.6.1/Drivers/STM32WBAxx_HAL_Driver/Inc/stm32wbaxx_ll_rcc.h:1774:26:LL_RCC_RADIO_IsEnabledSleepTimerClock	4	static
C:/Users/2024/STM32Cube/Repository/STM32Cube_FW_WBA_V1.6.1/Drivers/STM32WBAxx_HAL_Driver/Inc/stm32wbaxx_ll_rcc.h:1817:26:LL_RCC_RADIO_GetSleepTimerClockSource	4	static
C:/Users/2024/STM32Cube/Repository/STM32Cube_FW_WBA_V1.6.1/Drivers/STM32WBAxx_HAL_Driver/Inc/stm32wbaxx_ll_system.h:1253:26:LL_FLASH_GetUDN	4	static
C:/Users/2024/STM32Cube/Repository/STM32Cube_FW_WBA_V1.6.1/Drivers/STM32WBAxx_HAL_Driver/Inc/stm32wbaxx_ll_system.h:1273:26:LL_FLASH_GetSTCompanyID	4	static
C:/Users/2024/STM32Cube/Repository/STM32Cube_FW_WBA_V1.6.1/Drivers/STM32WBAxx_HAL_Driver/Inc/stm32wbaxx_ll_pwr.h:1969:26:LL_PWR_GetRadioMode	4	static
C:/Users/2024/STM32Cube/Repository/STM32Cube_FW_WBA_V1.6.1/Drivers/STM32WBAxx_HAL_Driver/Inc/stm32wbaxx_ll_pwr.h:2033:26:LL_PWR_IsActiveFlag_VOS	4	static
../STM32_WPAN/Target/linklayer_plat.c:69:6:LINKLAYER_PLAT_ClockInit	16	static
../STM32_WPAN/Target/linklayer_plat.c:90:6:LINKLAYER_PLAT_DelayUs	24	static,ignoring_inline_asm
../STM32_WPAN/Target/linklayer_plat.c:105:6:LINKLAYER_PLAT_Assert	16	static
../STM32_WPAN/Target/linklayer_plat.c:115:6:LINKLAYER_PLAT_WaitHclkRdy	8	static
../STM32_WPAN/Target/linklayer_plat.c:131:6:LINKLAYER_PLAT_NotifyWFIEnter	8	static
../STM32_WPAN/Target/linklayer_plat.c:153:6:LINKLAYER_PLAT_NotifyWFIExit	8	static
../STM32_WPAN/Target/linklayer_plat.c:168:6:LINKLAYER_PLAT_AclkCtrl	16	static
../STM32_WPAN/Target/linklayer_plat.c:199:6:LINKLAYER_PLAT_GetRNG	24	static
../STM32_WPAN/Target/linklayer_plat.c:226:6:LINKLAYER_PLAT_SetupRadioIT	16	static
../STM32_WPAN/Target/linklayer_plat.c:238:6:LINKLAYER_PLAT_SetupSwLowIT	16	static
../STM32_WPAN/Target/linklayer_plat.c:251:6:LINKLAYER_PLAT_TriggerSwLowIT	24	static
../STM32_WPAN/Target/linklayer_plat.c:292:6:LINKLAYER_PLAT_EnableIRQ	16	static,ignoring_inline_asm
../STM32_WPAN/Target/linklayer_plat.c:308:6:LINKLAYER_PLAT_DisableIRQ	16	static,ignoring_inline_asm
../STM32_WPAN/Target/linklayer_plat.c:329:6:LINKLAYER_PLAT_EnableSpecificIRQ	24	static,ignoring_inline_asm
../STM32_WPAN/Target/linklayer_plat.c:376:6:LINKLAYER_PLAT_DisableSpecificIRQ	24	static,ignoring_inline_asm
../STM32_WPAN/Target/linklayer_plat.c:420:6:LINKLAYER_PLAT_EnableRadioIT	8	static
../STM32_WPAN/Target/linklayer_plat.c:438:6:LINKLAYER_PLAT_DisableRadioIT	8	static
../STM32_WPAN/Target/linklayer_plat.c:456:6:LINKLAYER_PLAT_StartRadioEvt	8	static
../STM32_WPAN/Target/linklayer_plat.c:470:6:LINKLAYER_PLAT_StopRadioEvt	8	static
../STM32_WPAN/Target/linklayer_plat.c:484:6:LINKLAYER_PLAT_RCOStartClbr	8	static
../STM32_WPAN/Target/linklayer_plat.c:502:6:LINKLAYER_PLAT_RCOStopClbr	8	static
../STM32_WPAN/Target/linklayer_plat.c:519:6:LINKLAYER_PLAT_RequestTemperature	4	static
../STM32_WPAN/Target/linklayer_plat.c:528:6:LINKLAYER_PLAT_EnableOSContextSwitch	4	static
../STM32_WPAN/Target/linklayer_plat.c:543:6:LINKLAYER_PLAT_DisableOSContextSwitch	4	static
../STM32_WPAN/Target/linklayer_plat.c:558:6:LINKLAYER_PLAT_SCHLDR_TIMING_UPDATE_NOT	16	static
../STM32_WPAN/Target/linklayer_plat.c:570:10:LINKLAYER_PLAT_GetSTCompanyID	8	static
../STM32_WPAN/Target/linklayer_plat.c:580:10:LINKLAYER_PLAT_GetUDN	8	static
