../STM32_WPAN/Target/zigbee_plat.c:78:6:ZIGBEE_PLAT_Init	4	static
../STM32_WPAN/Target/zigbee_plat.c:86:6:ZIGBEE_PLAT_RngInit	8	static
../STM32_WPAN/Target/zigbee_plat.c:95:6:ZIGBEE_PLAT_RngProcess	8	static
../STM32_WPAN/Target/zigbee_plat.c:104:6:ZIGBEE_PLAT_RngGet	32	static
../STM32_WPAN/Target/zigbee_plat.c:130:6:ZIGBEE_PLAT_AesEcbEncrypt	24	static
../STM32_WPAN/Target/zigbee_plat.c:138:6:ZIGBEE_PLAT_AesCmacSetKey	16	static
../STM32_WPAN/Target/zigbee_plat.c:146:6:ZIGBEE_PLAT_AesCmacSetVector	16	static
../STM32_WPAN/Target/zigbee_plat.c:154:6:ZIGBEE_PLAT_AesCrypt32	16	static
../STM32_WPAN/Target/zigbee_plat.c:162:6:ZIGBEE_PLAT_AesCrypt	16	static
../STM32_WPAN/Target/zigbee_plat.c:170:6:ZIGBEE_PLAT_AesCmacCompute	24	static
../STM32_WPAN/Target/zigbee_plat.c:178:6:ZIGBEE_PLAT_ZbHeapInit	4	static
../STM32_WPAN/Target/zigbee_plat.c:187:8:ZIGBEE_PLAT_ZbHeapMalloc	24	static
../STM32_WPAN/Target/zigbee_plat.c:208:6:ZIGBEE_PLAT_ZbHeapFree	16	static
../STM32_WPAN/Target/zigbee_plat.c:225:14:ZIGBEE_PLAT_ZbHeapMallocCurrentSize	4	static
../STM32_WPAN/Target/zigbee_plat.c:233:6:ZIGBEE_PLAT_HeapInit	4	static
../STM32_WPAN/Target/zigbee_plat.c:241:8:ZIGBEE_PLAT_HeapMalloc	24	static
../STM32_WPAN/Target/zigbee_plat.c:262:6:ZIGBEE_PLAT_HeapFree	16	static
../STM32_WPAN/Target/zigbee_plat.c:279:14:ZIGBEE_PLAT_HeapMallocCurrentSize	4	static
../STM32_WPAN/Target/zigbee_plat.c:287:15:ZIGBEE_PLAT_HeapAvailable	4	static
../STM32_WPAN/Target/zigbee_plat.c:295:6:ZIGBEE_PLAT_HeapCheckAlloc	16	static
../STM32_WPAN/Target/zigbee_plat.c:304:15:ZIGBEE_PLAT_HeapUsed	4	static
../STM32_WPAN/Target/zigbee_plat.c:313:15:ZIGBEE_PLAT_HeapHighWaterMark	4	static
