C:/Users/2024/STM32Cube/Repository/STM32Cube_FW_WBA_V1.6.1/Drivers/CMSIS/Include/core_cm33.h:2390:22:__NVIC_EnableIRQ	16	static,ignoring_inline_asm
C:/Users/2024/STM32Cube/Repository/STM32Cube_FW_WBA_V1.6.1/Drivers/CMSIS/Include/core_cm33.h:2428:22:__NVIC_DisableIRQ	16	static,ignoring_inline_asm
C:/Users/2024/STM32Cube/Repository/STM32Cube_FW_WBA_V1.6.1/Drivers/STM32WBAxx_HAL_Driver/Inc/stm32wbaxx_ll_rcc.h:1764:22:LL_RCC_RADIO_DisableSleepTimerClock	4	static
C:/Users/2024/STM32Cube/Repository/STM32Cube_FW_WBA_V1.6.1/Drivers/STM32WBAxx_HAL_Driver/Inc/stm32wbaxx_ll_pwr.h:2344:22:LL_PWR_ClearFlag_WU	4	static
C:/Users/2024/STM32Cube/Repository/STM32Cube_FW_WBA_V1.6.1/Drivers/STM32WBAxx_HAL_Driver/Inc/stm32wbaxx_ll_tim.h:4928:22:LL_TIM_ClearFlag_UPDATE	16	static
C:/Users/2024/STM32Cube/Repository/STM32Cube_FW_WBA_V1.6.1/Drivers/STM32WBAxx_HAL_Driver/Inc/stm32wbaxx_ll_tim.h:4939:26:LL_TIM_IsActiveFlag_UPDATE	16	static
../Core/Src/stm32wbaxx_it.c:84:6:NMI_Handler	4	static
../Core/Src/stm32wbaxx_it.c:99:6:HardFault_Handler	4	static
../Core/Src/stm32wbaxx_it.c:114:6:MemManage_Handler	4	static
../Core/Src/stm32wbaxx_it.c:129:6:BusFault_Handler	4	static
../Core/Src/stm32wbaxx_it.c:144:6:UsageFault_Handler	4	static
../Core/Src/stm32wbaxx_it.c:159:6:SVC_Handler	4	static
../Core/Src/stm32wbaxx_it.c:172:6:DebugMon_Handler	4	static
../Core/Src/stm32wbaxx_it.c:185:6:PendSV_Handler	4	static
../Core/Src/stm32wbaxx_it.c:198:6:SysTick_Handler	8	static
../Core/Src/stm32wbaxx_it.c:219:6:RTC_IRQHandler	8	static
../Core/Src/stm32wbaxx_it.c:233:6:RCC_IRQHandler	8	static
../Core/Src/stm32wbaxx_it.c:263:6:GPDMA1_Channel0_IRQHandler	8	static
../Core/Src/stm32wbaxx_it.c:277:6:GPDMA1_Channel1_IRQHandler	8	static
../Core/Src/stm32wbaxx_it.c:291:6:USART1_IRQHandler	8	static
../Core/Src/stm32wbaxx_it.c:305:6:TIM16_IRQHandler	8	static
../Core/Src/stm32wbaxx_it.c:331:6:RNG_IRQHandler	8	static
../Core/Src/stm32wbaxx_it.c:345:6:RADIO_IRQHandler	8	static,ignoring_inline_asm
../Core/Src/stm32wbaxx_it.c:367:6:HASH_IRQHandler	8	static
../Core/Src/stm32wbaxx_it.c:399:6:WKUP_IRQHandler	8	static
../Core/Src/stm32wbaxx_it.c:410:6:EXTI6_IRQHandler	8	static
../Core/Src/stm32wbaxx_it.c:418:6:EXTI7_IRQHandler	8	static
../Core/Src/stm32wbaxx_it.c:426:6:EXTI13_IRQHandler	8	static
