C:/Users/2024/STM32Cube/Repository/STM32Cube_FW_WBA_V1.6.1/Projects/Common/WPAN/Modules/SerialCmdInterpreter/serial_cmd_interpreter.c:46:6:Serial_CMD_Interpreter_Init	8	static
C:/Users/2024/STM32Cube/Repository/STM32Cube_FW_WBA_V1.6.1/Projects/Common/WPAN/Modules/SerialCmdInterpreter/serial_cmd_interpreter.c:52:13:Serial_CMD_Interpreter_CmdExecute	16	static
C:/Users/2024/STM32Cube/Repository/STM32Cube_FW_WBA_V1.6.1/Projects/Common/WPAN/Modules/SerialCmdInterpreter/serial_cmd_interpreter.c:80:13:UART_Rx_Callback	16	static
