C:/Users/2024/STM32Cube/Repository/STM32Cube_FW_WBA_V1.6.1/Drivers/CMSIS/Include/core_cm33.h:2378:26:__NVIC_GetPriorityGrouping	4	static
C:/Users/2024/STM32Cube/Repository/STM32Cube_FW_WBA_V1.6.1/Drivers/CMSIS/Include/core_cm33.h:2390:22:__NVIC_EnableIRQ	16	static,ignoring_inline_asm
C:/Users/2024/STM32Cube/Repository/STM32Cube_FW_WBA_V1.6.1/Drivers/CMSIS/Include/core_cm33.h:2587:22:__NVIC_SetPriority	16	static
C:/Users/2024/STM32Cube/Repository/STM32Cube_FW_WBA_V1.6.1/Drivers/CMSIS/Include/core_cm33.h:2634:26:NVIC_EncodePriority	40	static
C:/Users/2024/STM32Cube/Repository/STM32Cube_FW_WBA_V1.6.1/Drivers/STM32WBAxx_HAL_Driver/Inc/stm32wbaxx_ll_rcc.h:878:22:LL_RCC_HSE_Enable	4	static
C:/Users/2024/STM32Cube/Repository/STM32Cube_FW_WBA_V1.6.1/Drivers/STM32WBAxx_HAL_Driver/Inc/stm32wbaxx_ll_rcc.h:898:26:LL_RCC_HSE_IsReady	4	static
C:/Users/2024/STM32Cube/Repository/STM32Cube_FW_WBA_V1.6.1/Drivers/STM32WBAxx_HAL_Driver/Inc/stm32wbaxx_ll_rcc.h:909:22:LL_RCC_HSE_EnablePrescaler	4	static
C:/Users/2024/STM32Cube/Repository/STM32Cube_FW_WBA_V1.6.1/Drivers/STM32WBAxx_HAL_Driver/Inc/stm32wbaxx_ll_rcc.h:920:26:LL_RCC_HSE_IsEnabledPrescaler	4	static
C:/Users/2024/STM32Cube/Repository/STM32Cube_FW_WBA_V1.6.1/Drivers/STM32WBAxx_HAL_Driver/Inc/stm32wbaxx_ll_rcc.h:931:22:LL_RCC_HSE_DisablePrescaler	4	static
C:/Users/2024/STM32Cube/Repository/STM32Cube_FW_WBA_V1.6.1/Drivers/STM32WBAxx_HAL_Driver/Inc/stm32wbaxx_ll_rcc.h:1011:22:LL_RCC_HSI_Enable	4	static
C:/Users/2024/STM32Cube/Repository/STM32Cube_FW_WBA_V1.6.1/Drivers/STM32WBAxx_HAL_Driver/Inc/stm32wbaxx_ll_rcc.h:1031:26:LL_RCC_HSI_IsReady	4	static
C:/Users/2024/STM32Cube/Repository/STM32Cube_FW_WBA_V1.6.1/Drivers/STM32WBAxx_HAL_Driver/Inc/stm32wbaxx_ll_rcc.h:1497:22:LL_RCC_SetSysClkSource	16	static
C:/Users/2024/STM32Cube/Repository/STM32Cube_FW_WBA_V1.6.1/Drivers/STM32WBAxx_HAL_Driver/Inc/stm32wbaxx_ll_rcc.h:1510:26:LL_RCC_GetSysClkSource	4	static
C:/Users/2024/STM32Cube/Repository/STM32Cube_FW_WBA_V1.6.1/Drivers/STM32WBAxx_HAL_Driver/Inc/stm32wbaxx_ll_rcc.h:1604:22:LL_RCC_SetAHB5Prescaler	16	static
C:/Users/2024/STM32Cube/Repository/STM32Cube_FW_WBA_V1.6.1/Drivers/STM32WBAxx_HAL_Driver/Inc/stm32wbaxx_ll_rcc.h:1617:22:LL_RCC_SetAHB5Divider	16	static
C:/Users/2024/STM32Cube/Repository/STM32Cube_FW_WBA_V1.6.1/Drivers/STM32WBAxx_HAL_Driver/Inc/stm32wbaxx_ll_rcc.h:1705:26:LL_RCC_GetAHB5Prescaler	4	static
C:/Users/2024/STM32Cube/Repository/STM32Cube_FW_WBA_V1.6.1/Drivers/STM32WBAxx_HAL_Driver/Inc/stm32wbaxx_ll_rcc.h:2402:22:LL_RCC_PLL1_Disable	4	static
C:/Users/2024/STM32Cube/Repository/STM32Cube_FW_WBA_V1.6.1/Drivers/STM32WBAxx_HAL_Driver/Inc/stm32wbaxx_ll_rcc.h:2550:22:LL_RCC_PLL1_SetMainSource	16	static
C:/Users/2024/STM32Cube/Repository/STM32Cube_FW_WBA_V1.6.1/Drivers/STM32WBAxx_HAL_Driver/Inc/stm32wbaxx_ll_rcc.h:2583:26:LL_RCC_PLL1_GetN	4	static
C:/Users/2024/STM32Cube/Repository/STM32Cube_FW_WBA_V1.6.1/Drivers/STM32WBAxx_HAL_Driver/Inc/stm32wbaxx_ll_rcc.h:2606:26:LL_RCC_PLL1_GetP	4	static
C:/Users/2024/STM32Cube/Repository/STM32Cube_FW_WBA_V1.6.1/Drivers/STM32WBAxx_HAL_Driver/Inc/stm32wbaxx_ll_rcc.h:2629:26:LL_RCC_PLL1_GetQ	4	static
C:/Users/2024/STM32Cube/Repository/STM32Cube_FW_WBA_V1.6.1/Drivers/STM32WBAxx_HAL_Driver/Inc/stm32wbaxx_ll_rcc.h:2651:26:LL_RCC_PLL1_GetR	4	static
C:/Users/2024/STM32Cube/Repository/STM32Cube_FW_WBA_V1.6.1/Drivers/STM32WBAxx_HAL_Driver/Inc/stm32wbaxx_ll_rcc.h:2671:26:LL_RCC_PLL1_GetDivider	4	static
C:/Users/2024/STM32Cube/Repository/STM32Cube_FW_WBA_V1.6.1/Drivers/STM32WBAxx_HAL_Driver/Inc/stm32wbaxx_ll_rcc.h:2745:22:LL_RCC_PLL1_EnableDomain_PLL1R	4	static
C:/Users/2024/STM32Cube/Repository/STM32Cube_FW_WBA_V1.6.1/Drivers/STM32WBAxx_HAL_Driver/Inc/stm32wbaxx_ll_rcc.h:2779:22:LL_RCC_PLL1FRACN_Enable	4	static
C:/Users/2024/STM32Cube/Repository/STM32Cube_FW_WBA_V1.6.1/Drivers/STM32WBAxx_HAL_Driver/Inc/stm32wbaxx_ll_rcc.h:2799:22:LL_RCC_PLL1FRACN_Disable	4	static
C:/Users/2024/STM32Cube/Repository/STM32Cube_FW_WBA_V1.6.1/Drivers/STM32WBAxx_HAL_Driver/Inc/stm32wbaxx_ll_rcc.h:2809:22:LL_RCC_PLL1_SetFRACN	16	static
C:/Users/2024/STM32Cube/Repository/STM32Cube_FW_WBA_V1.6.1/Drivers/STM32WBAxx_HAL_Driver/Inc/stm32wbaxx_ll_rcc.h:2819:26:LL_RCC_PLL1_GetFRACN	4	static
C:/Users/2024/STM32Cube/Repository/STM32Cube_FW_WBA_V1.6.1/Drivers/STM32WBAxx_HAL_Driver/Inc/stm32wbaxx_ll_bus.h:1940:22:LL_APB2_GRP1_EnableClock	24	static
C:/Users/2024/STM32Cube/Repository/STM32Cube_FW_WBA_V1.6.1/Drivers/STM32WBAxx_HAL_Driver/Inc/stm32wbaxx_ll_pwr.h:1077:22:LL_PWR_SetRegulVoltageScaling	16	static
C:/Users/2024/STM32Cube/Repository/STM32Cube_FW_WBA_V1.6.1/Drivers/STM32WBAxx_HAL_Driver/Inc/stm32wbaxx_ll_pwr.h:2033:26:LL_PWR_IsActiveFlag_VOS	4	static
C:/Users/2024/STM32Cube/Repository/STM32Cube_FW_WBA_V1.6.1/Drivers/STM32WBAxx_HAL_Driver/Inc/stm32wbaxx_ll_tim.h:1704:22:LL_TIM_EnableCounter	16	static
C:/Users/2024/STM32Cube/Repository/STM32Cube_FW_WBA_V1.6.1/Drivers/STM32WBAxx_HAL_Driver/Inc/stm32wbaxx_ll_tim.h:1715:22:LL_TIM_DisableCounter	16	static
C:/Users/2024/STM32Cube/Repository/STM32Cube_FW_WBA_V1.6.1/Drivers/STM32WBAxx_HAL_Driver/Inc/stm32wbaxx_ll_tim.h:1726:26:LL_TIM_IsEnabledCounter	16	static
C:/Users/2024/STM32Cube/Repository/STM32Cube_FW_WBA_V1.6.1/Drivers/STM32WBAxx_HAL_Driver/Inc/stm32wbaxx_ll_tim.h:1737:22:LL_TIM_EnableUpdateEvent	16	static
C:/Users/2024/STM32Cube/Repository/STM32Cube_FW_WBA_V1.6.1/Drivers/STM32WBAxx_HAL_Driver/Inc/stm32wbaxx_ll_tim.h:1748:22:LL_TIM_DisableUpdateEvent	16	static
C:/Users/2024/STM32Cube/Repository/STM32Cube_FW_WBA_V1.6.1/Drivers/STM32WBAxx_HAL_Driver/Inc/stm32wbaxx_ll_tim.h:1807:22:LL_TIM_SetOnePulseMode	16	static
C:/Users/2024/STM32Cube/Repository/STM32Cube_FW_WBA_V1.6.1/Drivers/STM32WBAxx_HAL_Driver/Inc/stm32wbaxx_ll_tim.h:1895:22:LL_TIM_DisableARRPreload	16	static
C:/Users/2024/STM32Cube/Repository/STM32Cube_FW_WBA_V1.6.1/Drivers/STM32WBAxx_HAL_Driver/Inc/stm32wbaxx_ll_tim.h:1972:26:LL_TIM_GetCounter	16	static
C:/Users/2024/STM32Cube/Repository/STM32Cube_FW_WBA_V1.6.1/Drivers/STM32WBAxx_HAL_Driver/Inc/stm32wbaxx_ll_tim.h:4928:22:LL_TIM_ClearFlag_UPDATE	16	static
C:/Users/2024/STM32Cube/Repository/STM32Cube_FW_WBA_V1.6.1/Drivers/STM32WBAxx_HAL_Driver/Inc/stm32wbaxx_ll_tim.h:4939:26:LL_TIM_IsActiveFlag_UPDATE	16	static
C:/Users/2024/STM32Cube/Repository/STM32Cube_FW_WBA_V1.6.1/Drivers/STM32WBAxx_HAL_Driver/Inc/stm32wbaxx_ll_tim.h:5394:22:LL_TIM_EnableIT_UPDATE	16	static
C:/Users/2024/STM32Cube/Repository/STM32Cube_FW_WBA_V1.6.1/Drivers/STM32WBAxx_HAL_Driver/Inc/stm32wbaxx_ll_tim.h:5405:22:LL_TIM_DisableIT_UPDATE	16	static
C:/Users/2024/STM32Cube/Repository/STM32Cube_FW_WBA_V1.6.1/Projects/Common/WPAN/Modules/scm.c:26:13:SCM_HSI_CLK_ON	8	static
C:/Users/2024/STM32Cube/Repository/STM32Cube_FW_WBA_V1.6.1/Projects/Common/WPAN/Modules/scm.c:32:13:SCM_HSI_CLK_OFF	4	static
C:/Users/2024/STM32Cube/Repository/STM32Cube_FW_WBA_V1.6.1/Projects/Common/WPAN/Modules/scm.c:38:13:SCM_HSI_SwithSystemClock_Entry	4	static
C:/Users/2024/STM32Cube/Repository/STM32Cube_FW_WBA_V1.6.1/Projects/Common/WPAN/Modules/scm.c:43:13:SCM_HSI_SwithSystemClock_Exit	4	static
C:/Users/2024/STM32Cube/Repository/STM32Cube_FW_WBA_V1.6.1/Projects/Common/WPAN/Modules/scm.c:94:36:scm_getmaxfreq	0	static
C:/Users/2024/STM32Cube/Repository/STM32Cube_FW_WBA_V1.6.1/Projects/Common/WPAN/Modules/scm.c:110:23:scm_systemclockconfig	8	static
C:/Users/2024/STM32Cube/Repository/STM32Cube_FW_WBA_V1.6.1/Projects/Common/WPAN/Modules/scm.c:192:23:SwitchHsePre	8	static
C:/Users/2024/STM32Cube/Repository/STM32Cube_FW_WBA_V1.6.1/Projects/Common/WPAN/Modules/scm.c:243:23:SwitchHse16toHse32	8	static
C:/Users/2024/STM32Cube/Repository/STM32Cube_FW_WBA_V1.6.1/Projects/Common/WPAN/Modules/scm.c:267:23:SwitchHse32toHse16	8	static
C:/Users/2024/STM32Cube/Repository/STM32Cube_FW_WBA_V1.6.1/Projects/Common/WPAN/Modules/scm.c:289:23:SwitchPlltoHse32	8	static
C:/Users/2024/STM32Cube/Repository/STM32Cube_FW_WBA_V1.6.1/Projects/Common/WPAN/Modules/scm.c:309:23:ConfigStartPll	8	static
C:/Users/2024/STM32Cube/Repository/STM32Cube_FW_WBA_V1.6.1/Projects/Common/WPAN/Modules/scm.c:324:13:ConfigHwPll	24	static
C:/Users/2024/STM32Cube/Repository/STM32Cube_FW_WBA_V1.6.1/Projects/Common/WPAN/Modules/scm.c:368:13:SCM_HSE_TimerInit	32	static
C:/Users/2024/STM32Cube/Repository/STM32Cube_FW_WBA_V1.6.1/Projects/Common/WPAN/Modules/scm.c:397:16:scm_init	24	static
C:/Users/2024/STM32Cube/Repository/STM32Cube_FW_WBA_V1.6.1/Projects/Common/WPAN/Modules/scm.c:497:16:scm_setup	8	static
C:/Users/2024/STM32Cube/Repository/STM32Cube_FW_WBA_V1.6.1/Projects/Common/WPAN/Modules/scm.c:582:16:scm_pll_setconfig	12	static
C:/Users/2024/STM32Cube/Repository/STM32Cube_FW_WBA_V1.6.1/Projects/Common/WPAN/Modules/scm.c:605:16:scm_pll_fractional_update	8	static
C:/Users/2024/STM32Cube/Repository/STM32Cube_FW_WBA_V1.6.1/Projects/Common/WPAN/Modules/scm.c:631:16:scm_setsystemclock	16	static,ignoring_inline_asm
C:/Users/2024/STM32Cube/Repository/STM32Cube_FW_WBA_V1.6.1/Projects/Common/WPAN/Modules/scm.c:725:13:scm_pllready	4	static
C:/Users/2024/STM32Cube/Repository/STM32Cube_FW_WBA_V1.6.1/Projects/Common/WPAN/Modules/scm.c:740:16:scm_setwaitstates	8	static
C:/Users/2024/STM32Cube/Repository/STM32Cube_FW_WBA_V1.6.1/Projects/Common/WPAN/Modules/scm.c:800:16:scm_hserdy_isr	8	static
C:/Users/2024/STM32Cube/Repository/STM32Cube_FW_WBA_V1.6.1/Projects/Common/WPAN/Modules/scm.c:866:16:scm_pllrdy_isr	8	static
C:/Users/2024/STM32Cube/Repository/STM32Cube_FW_WBA_V1.6.1/Projects/Common/WPAN/Modules/scm.c:904:16:scm_notifyradiostate	0	static
C:/Users/2024/STM32Cube/Repository/STM32Cube_FW_WBA_V1.6.1/Projects/Common/WPAN/Modules/scm.c:923:16:scm_standbyexit	8	static
C:/Users/2024/STM32Cube/Repository/STM32Cube_FW_WBA_V1.6.1/Projects/Common/WPAN/Modules/scm.c:940:19:isRadioActive	4	static
C:/Users/2024/STM32Cube/Repository/STM32Cube_FW_WBA_V1.6.1/Projects/Common/WPAN/Modules/scm.c:945:19:SCM_HSE_Get_SW_HSERDY	0	static
C:/Users/2024/STM32Cube/Repository/STM32Cube_FW_WBA_V1.6.1/Projects/Common/WPAN/Modules/scm.c:950:16:SCM_HSE_Set_SW_HSERDY	0	static,ignoring_inline_asm
C:/Users/2024/STM32Cube/Repository/STM32Cube_FW_WBA_V1.6.1/Projects/Common/WPAN/Modules/scm.c:957:16:SCM_HSE_Clear_SW_HSERDY	0	static,ignoring_inline_asm
C:/Users/2024/STM32Cube/Repository/STM32Cube_FW_WBA_V1.6.1/Projects/Common/WPAN/Modules/scm.c:964:16:SCM_HSE_WaitUntilReady	8	static
C:/Users/2024/STM32Cube/Repository/STM32Cube_FW_WBA_V1.6.1/Projects/Common/WPAN/Modules/scm.c:1013:16:SCM_HSE_StartStabilizationTimer	8	static
C:/Users/2024/STM32Cube/Repository/STM32Cube_FW_WBA_V1.6.1/Projects/Common/WPAN/Modules/scm.c:1030:16:SCM_HSE_StopStabilizationTimer	16	static,ignoring_inline_asm
C:/Users/2024/STM32Cube/Repository/STM32Cube_FW_WBA_V1.6.1/Projects/Common/WPAN/Modules/scm.c:1044:16:SCM_HSE_SW_HSERDY_isr	8	static
