C:/Users/2024/STM32Cube/Repository/STM32Cube_FW_WBA_V1.6.1/Drivers/STM32WBAxx_HAL_Driver/Src/stm32wbaxx_hal.c:125:19:HAL_Init	8	static
C:/Users/2024/STM32Cube/Repository/STM32Cube_FW_WBA_V1.6.1/Drivers/STM32WBAxx_HAL_Driver/Src/stm32wbaxx_hal.c:159:19:HAL_DeInit	8	static
C:/Users/2024/STM32Cube/Repository/STM32Cube_FW_WBA_V1.6.1/Drivers/STM32WBAxx_HAL_Driver/Src/stm32wbaxx_hal.c:194:13:HAL_MspInit	4	static
C:/Users/2024/STM32Cube/Repository/STM32Cube_FW_WBA_V1.6.1/Drivers/STM32WBAxx_HAL_Driver/Src/stm32wbaxx_hal.c:205:13:HAL_MspDeInit	4	static
C:/Users/2024/STM32Cube/Repository/STM32Cube_FW_WBA_V1.6.1/Drivers/STM32WBAxx_HAL_Driver/Src/stm32wbaxx_hal.c:228:26:HAL_InitTick	24	static
C:/Users/2024/STM32Cube/Repository/STM32Cube_FW_WBA_V1.6.1/Drivers/STM32WBAxx_HAL_Driver/Src/stm32wbaxx_hal.c:321:13:HAL_IncTick	4	static
C:/Users/2024/STM32Cube/Repository/STM32Cube_FW_WBA_V1.6.1/Drivers/STM32WBAxx_HAL_Driver/Src/stm32wbaxx_hal.c:332:17:HAL_GetTick	4	static
C:/Users/2024/STM32Cube/Repository/STM32Cube_FW_WBA_V1.6.1/Drivers/STM32WBAxx_HAL_Driver/Src/stm32wbaxx_hal.c:341:10:HAL_GetTickPrio	4	static
C:/Users/2024/STM32Cube/Repository/STM32Cube_FW_WBA_V1.6.1/Drivers/STM32WBAxx_HAL_Driver/Src/stm32wbaxx_hal.c:351:19:HAL_SetTickFreq	24	static
C:/Users/2024/STM32Cube/Repository/STM32Cube_FW_WBA_V1.6.1/Drivers/STM32WBAxx_HAL_Driver/Src/stm32wbaxx_hal.c:381:21:HAL_GetTickFreq	4	static
C:/Users/2024/STM32Cube/Repository/STM32Cube_FW_WBA_V1.6.1/Drivers/STM32WBAxx_HAL_Driver/Src/stm32wbaxx_hal.c:397:13:HAL_Delay	24	static
C:/Users/2024/STM32Cube/Repository/STM32Cube_FW_WBA_V1.6.1/Drivers/STM32WBAxx_HAL_Driver/Src/stm32wbaxx_hal.c:423:13:HAL_SuspendTick	4	static
C:/Users/2024/STM32Cube/Repository/STM32Cube_FW_WBA_V1.6.1/Drivers/STM32WBAxx_HAL_Driver/Src/stm32wbaxx_hal.c:439:13:HAL_ResumeTick	4	static
C:/Users/2024/STM32Cube/Repository/STM32Cube_FW_WBA_V1.6.1/Drivers/STM32WBAxx_HAL_Driver/Src/stm32wbaxx_hal.c:449:10:HAL_GetHalVersion	4	static
C:/Users/2024/STM32Cube/Repository/STM32Cube_FW_WBA_V1.6.1/Drivers/STM32WBAxx_HAL_Driver/Src/stm32wbaxx_hal.c:458:10:HAL_GetREVID	4	static
C:/Users/2024/STM32Cube/Repository/STM32Cube_FW_WBA_V1.6.1/Drivers/STM32WBAxx_HAL_Driver/Src/stm32wbaxx_hal.c:467:10:HAL_GetDEVID	4	static
C:/Users/2024/STM32Cube/Repository/STM32Cube_FW_WBA_V1.6.1/Drivers/STM32WBAxx_HAL_Driver/Src/stm32wbaxx_hal.c:476:10:HAL_GetUIDw0	4	static
C:/Users/2024/STM32Cube/Repository/STM32Cube_FW_WBA_V1.6.1/Drivers/STM32WBAxx_HAL_Driver/Src/stm32wbaxx_hal.c:485:10:HAL_GetUIDw1	4	static
C:/Users/2024/STM32Cube/Repository/STM32Cube_FW_WBA_V1.6.1/Drivers/STM32WBAxx_HAL_Driver/Src/stm32wbaxx_hal.c:494:10:HAL_GetUIDw2	4	static
C:/Users/2024/STM32Cube/Repository/STM32Cube_FW_WBA_V1.6.1/Drivers/STM32WBAxx_HAL_Driver/Src/stm32wbaxx_hal.c:521:6:HAL_DBGMCU_EnableDBGStopMode	4	static
C:/Users/2024/STM32Cube/Repository/STM32Cube_FW_WBA_V1.6.1/Drivers/STM32WBAxx_HAL_Driver/Src/stm32wbaxx_hal.c:530:6:HAL_DBGMCU_DisableDBGStopMode	4	static
C:/Users/2024/STM32Cube/Repository/STM32Cube_FW_WBA_V1.6.1/Drivers/STM32WBAxx_HAL_Driver/Src/stm32wbaxx_hal.c:539:6:HAL_DBGMCU_EnableDBGStandbyMode	4	static
C:/Users/2024/STM32Cube/Repository/STM32Cube_FW_WBA_V1.6.1/Drivers/STM32WBAxx_HAL_Driver/Src/stm32wbaxx_hal.c:548:6:HAL_DBGMCU_DisableDBGStandbyMode	4	static
C:/Users/2024/STM32Cube/Repository/STM32Cube_FW_WBA_V1.6.1/Drivers/STM32WBAxx_HAL_Driver/Src/stm32wbaxx_hal.c:586:6:HAL_SYSCFG_EnableIOAnalogSwitchBooster	4	static
C:/Users/2024/STM32Cube/Repository/STM32Cube_FW_WBA_V1.6.1/Drivers/STM32WBAxx_HAL_Driver/Src/stm32wbaxx_hal.c:596:6:HAL_SYSCFG_DisableIOAnalogSwitchBooster	4	static
C:/Users/2024/STM32Cube/Repository/STM32Cube_FW_WBA_V1.6.1/Drivers/STM32WBAxx_HAL_Driver/Src/stm32wbaxx_hal.c:606:6:HAL_SYSCFG_EnableIOAnalogSwitchVdd	4	static
C:/Users/2024/STM32Cube/Repository/STM32Cube_FW_WBA_V1.6.1/Drivers/STM32WBAxx_HAL_Driver/Src/stm32wbaxx_hal.c:615:6:HAL_SYSCFG_DisableIOAnalogSwitchVdd	4	static
C:/Users/2024/STM32Cube/Repository/STM32Cube_FW_WBA_V1.6.1/Drivers/STM32WBAxx_HAL_Driver/Src/stm32wbaxx_hal.c:807:6:HAL_SYSCFG_EnableCompensationCell	16	static
C:/Users/2024/STM32Cube/Repository/STM32Cube_FW_WBA_V1.6.1/Drivers/STM32WBAxx_HAL_Driver/Src/stm32wbaxx_hal.c:823:6:HAL_SYSCFG_DisableCompensationCell	16	static
C:/Users/2024/STM32Cube/Repository/STM32Cube_FW_WBA_V1.6.1/Drivers/STM32WBAxx_HAL_Driver/Src/stm32wbaxx_hal.c:839:10:HAL_SYSCFG_GetCompensationCellReadyStatus	16	static
C:/Users/2024/STM32Cube/Repository/STM32Cube_FW_WBA_V1.6.1/Drivers/STM32WBAxx_HAL_Driver/Src/stm32wbaxx_hal.c:863:6:HAL_SYSCFG_ConfigCompensationCell	40	static,ignoring_inline_asm
C:/Users/2024/STM32Cube/Repository/STM32Cube_FW_WBA_V1.6.1/Drivers/STM32WBAxx_HAL_Driver/Src/stm32wbaxx_hal.c:899:19:HAL_SYSCFG_GetCompensationCell	40	static
C:/Users/2024/STM32Cube/Repository/STM32Cube_FW_WBA_V1.6.1/Drivers/STM32WBAxx_HAL_Driver/Src/stm32wbaxx_hal.c:946:6:HAL_SYSCFG_Lock	16	static
C:/Users/2024/STM32Cube/Repository/STM32Cube_FW_WBA_V1.6.1/Drivers/STM32WBAxx_HAL_Driver/Src/stm32wbaxx_hal.c:967:19:HAL_SYSCFG_GetLock	24	static
C:/Users/2024/STM32Cube/Repository/STM32Cube_FW_WBA_V1.6.1/Drivers/STM32WBAxx_HAL_Driver/Src/stm32wbaxx_hal.c:1053:19:HAL_SYSCFG_GetConfigAttributes	16	static
