C:/Users/2024/STM32Cube/Repository/STM32Cube_FW_WBA_V1.6.1/Drivers/STM32WBAxx_HAL_Driver/Src/stm32wbaxx_hal_rng.c:154:19:HAL_RNG_Init	24	static
C:/Users/2024/STM32Cube/Repository/STM32Cube_FW_WBA_V1.6.1/Drivers/STM32WBAxx_HAL_Driver/Src/stm32wbaxx_hal_rng.c:276:19:HAL_RNG_DeInit	24	static
C:/Users/2024/STM32Cube/Repository/STM32Cube_FW_WBA_V1.6.1/Drivers/STM32WBAxx_HAL_Driver/Src/stm32wbaxx_hal_rng.c:350:13:HAL_RNG_MspInit	16	static
C:/Users/2024/STM32Cube/Repository/STM32Cube_FW_WBA_V1.6.1/Drivers/STM32WBAxx_HAL_Driver/Src/stm32wbaxx_hal_rng.c:365:13:HAL_RNG_MspDeInit	16	static
C:/Users/2024/STM32Cube/Repository/STM32Cube_FW_WBA_V1.6.1/Drivers/STM32WBAxx_HAL_Driver/Src/stm32wbaxx_hal_rng.c:632:19:HAL_RNG_GenerateRandomNumber	24	static
C:/Users/2024/STM32Cube/Repository/STM32Cube_FW_WBA_V1.6.1/Drivers/STM32WBAxx_HAL_Driver/Src/stm32wbaxx_hal_rng.c:714:19:HAL_RNG_GenerateRandomNumber_IT	24	static
C:/Users/2024/STM32Cube/Repository/STM32Cube_FW_WBA_V1.6.1/Drivers/STM32WBAxx_HAL_Driver/Src/stm32wbaxx_hal_rng.c:763:6:HAL_RNG_IRQHandler	24	static
C:/Users/2024/STM32Cube/Repository/STM32Cube_FW_WBA_V1.6.1/Drivers/STM32WBAxx_HAL_Driver/Src/stm32wbaxx_hal_rng.c:850:10:HAL_RNG_ReadLastRandomNumber	16	static
C:/Users/2024/STM32Cube/Repository/STM32Cube_FW_WBA_V1.6.1/Drivers/STM32WBAxx_HAL_Driver/Src/stm32wbaxx_hal_rng.c:867:13:HAL_RNG_ReadyDataCallback	16	static
C:/Users/2024/STM32Cube/Repository/STM32Cube_FW_WBA_V1.6.1/Drivers/STM32WBAxx_HAL_Driver/Src/stm32wbaxx_hal_rng.c:883:13:HAL_RNG_ErrorCallback	16	static
C:/Users/2024/STM32Cube/Repository/STM32Cube_FW_WBA_V1.6.1/Drivers/STM32WBAxx_HAL_Driver/Src/stm32wbaxx_hal_rng.c:917:22:HAL_RNG_GetState	16	static
C:/Users/2024/STM32Cube/Repository/STM32Cube_FW_WBA_V1.6.1/Drivers/STM32WBAxx_HAL_Driver/Src/stm32wbaxx_hal_rng.c:927:10:HAL_RNG_GetError	16	static
C:/Users/2024/STM32Cube/Repository/STM32Cube_FW_WBA_V1.6.1/Drivers/STM32WBAxx_HAL_Driver/Src/stm32wbaxx_hal_rng.c:949:19:RNG_RecoverSeedError	24	static
