C:/Users/2024/STM32Cube/Repository/STM32Cube_FW_WBA_V1.6.1/Drivers/STM32WBAxx_HAL_Driver/Inc/stm32wbaxx_ll_dma.h:1217:22:LL_DMA_ResetChannel	24	static
C:/Users/2024/STM32Cube/Repository/STM32Cube_FW_WBA_V1.6.1/Drivers/STM32WBAxx_HAL_Driver/Inc/stm32wbaxx_ll_dma.h:1239:22:LL_DMA_SuspendChannel	24	static
C:/Users/2024/STM32Cube/Repository/STM32Cube_FW_WBA_V1.6.1/Drivers/STM32WBAxx_HAL_Driver/Inc/stm32wbaxx_ll_dma.h:1308:22:LL_DMA_SetLinkedListBaseAddr	32	static
C:/Users/2024/STM32Cube/Repository/STM32Cube_FW_WBA_V1.6.1/Drivers/STM32WBAxx_HAL_Driver/Inc/stm32wbaxx_ll_dma.h:1361:22:LL_DMA_ConfigControl	32	static
C:/Users/2024/STM32Cube/Repository/STM32Cube_FW_WBA_V1.6.1/Drivers/STM32WBAxx_HAL_Driver/Inc/stm32wbaxx_ll_dma.h:1563:22:LL_DMA_ConfigTransfer	32	static
C:/Users/2024/STM32Cube/Repository/STM32Cube_FW_WBA_V1.6.1/Drivers/STM32WBAxx_HAL_Driver/Inc/stm32wbaxx_ll_dma.h:1597:22:LL_DMA_ConfigBurstLength	32	static
C:/Users/2024/STM32Cube/Repository/STM32Cube_FW_WBA_V1.6.1/Drivers/STM32WBAxx_HAL_Driver/Inc/stm32wbaxx_ll_dma.h:2399:22:LL_DMA_ConfigChannelTransfer	32	static
C:/Users/2024/STM32Cube/Repository/STM32Cube_FW_WBA_V1.6.1/Drivers/STM32WBAxx_HAL_Driver/Inc/stm32wbaxx_ll_dma.h:2435:22:LL_DMA_SetTransferEventMode	32	static
C:/Users/2024/STM32Cube/Repository/STM32Cube_FW_WBA_V1.6.1/Drivers/STM32WBAxx_HAL_Driver/Inc/stm32wbaxx_ll_dma.h:2540:22:LL_DMA_SetTriggerMode	32	static
C:/Users/2024/STM32Cube/Repository/STM32Cube_FW_WBA_V1.6.1/Drivers/STM32WBAxx_HAL_Driver/Inc/stm32wbaxx_ll_dma.h:2808:22:LL_DMA_SetPeriphRequest	32	static
C:/Users/2024/STM32Cube/Repository/STM32Cube_FW_WBA_V1.6.1/Drivers/STM32WBAxx_HAL_Driver/Inc/stm32wbaxx_ll_dma.h:3014:22:LL_DMA_SetHWTrigger	32	static
C:/Users/2024/STM32Cube/Repository/STM32Cube_FW_WBA_V1.6.1/Drivers/STM32WBAxx_HAL_Driver/Inc/stm32wbaxx_ll_dma.h:3120:22:LL_DMA_SetBlkDataLength	32	static
C:/Users/2024/STM32Cube/Repository/STM32Cube_FW_WBA_V1.6.1/Drivers/STM32WBAxx_HAL_Driver/Inc/stm32wbaxx_ll_dma.h:3169:22:LL_DMA_ConfigAddresses	32	static
C:/Users/2024/STM32Cube/Repository/STM32Cube_FW_WBA_V1.6.1/Drivers/STM32WBAxx_HAL_Driver/Inc/stm32wbaxx_ll_dma.h:3726:22:LL_DMA_SetLinkedListAddrOffset	32	static
C:/Users/2024/STM32Cube/Repository/STM32Cube_FW_WBA_V1.6.1/Drivers/STM32WBAxx_HAL_Driver/Inc/stm32wbaxx_ll_dma.h:3886:22:LL_DMA_DisableChannelPrivilege	16	static
C:/Users/2024/STM32Cube/Repository/STM32Cube_FW_WBA_V1.6.1/Drivers/STM32WBAxx_HAL_Driver/Inc/stm32wbaxx_ll_bus.h:418:22:LL_AHB1_GRP1_ReleaseReset	16	static
C:/Users/2024/STM32Cube/Repository/STM32Cube_FW_WBA_V1.6.1/Drivers/STM32WBAxx_HAL_Driver/Inc/stm32wbaxx_ll_bus.h:787:22:LL_AHB2_GRP1_ForceReset	16	static
C:/Users/2024/STM32Cube/Repository/STM32Cube_FW_WBA_V1.6.1/Drivers/STM32WBAxx_HAL_Driver/Src/stm32wbaxx_ll_dma.c:292:10:LL_DMA_DeInit	24	static
C:/Users/2024/STM32Cube/Repository/STM32Cube_FW_WBA_V1.6.1/Drivers/STM32WBAxx_HAL_Driver/Src/stm32wbaxx_ll_dma.c:393:10:LL_DMA_Init	24	static
C:/Users/2024/STM32Cube/Repository/STM32Cube_FW_WBA_V1.6.1/Drivers/STM32WBAxx_HAL_Driver/Src/stm32wbaxx_ll_dma.c:570:6:LL_DMA_StructInit	16	static
C:/Users/2024/STM32Cube/Repository/STM32Cube_FW_WBA_V1.6.1/Drivers/STM32WBAxx_HAL_Driver/Src/stm32wbaxx_ll_dma.c:610:6:LL_DMA_ListStructInit	16	static
C:/Users/2024/STM32Cube/Repository/STM32Cube_FW_WBA_V1.6.1/Drivers/STM32WBAxx_HAL_Driver/Src/stm32wbaxx_ll_dma.c:642:10:LL_DMA_List_DeInit	16	static
C:/Users/2024/STM32Cube/Repository/STM32Cube_FW_WBA_V1.6.1/Drivers/STM32WBAxx_HAL_Driver/Src/stm32wbaxx_ll_dma.c:671:10:LL_DMA_List_Init	24	static
C:/Users/2024/STM32Cube/Repository/STM32Cube_FW_WBA_V1.6.1/Drivers/STM32WBAxx_HAL_Driver/Src/stm32wbaxx_ll_dma.c:719:6:LL_DMA_NodeStructInit	16	static
C:/Users/2024/STM32Cube/Repository/STM32Cube_FW_WBA_V1.6.1/Drivers/STM32WBAxx_HAL_Driver/Src/stm32wbaxx_ll_dma.c:775:10:LL_DMA_CreateLinkNode	24	static
C:/Users/2024/STM32Cube/Repository/STM32Cube_FW_WBA_V1.6.1/Drivers/STM32WBAxx_HAL_Driver/Src/stm32wbaxx_ll_dma.c:1005:6:LL_DMA_ConnectLinkNode	24	static
C:/Users/2024/STM32Cube/Repository/STM32Cube_FW_WBA_V1.6.1/Drivers/STM32WBAxx_HAL_Driver/Src/stm32wbaxx_ll_dma.c:1020:6:LL_DMA_DisconnectNextLinkNode	16	static
